// Jest Snapshot v1, https://goo.gl/fbAQLP

exports[`ReceivePassword rendering initial rendering 1`] = `
<div
  class="MuiGrid-container-7 MuiGrid-direction-xs-column-10 ReceivePasswordComponent-root-1"
>
  <div
    class="MuiGrid-item-8"
  >
    <p
      class="MuiTypography-root-104 MuiTypography-body1-113 MuiTypography-alignLeft-126 ReceivePasswordComponent-title-2"
    >
      Enter Security Answer
    </p>
  </div>
  <div
    class="MuiGrid-item-8"
  >
    <div
      class="MuiFormControl-root-140 MuiFormControl-marginNormal-141 MuiFormControl-fullWidth-143"
    >
      <label
        class="MuiFormLabel-root-155 MuiInputLabel-root-144 MuiInputLabel-formControl-149 MuiInputLabel-animated-152 MuiInputLabel-outlined-154"
        data-shrink="false"
        for="password"
      >
        Security Answer
      </label>
      <div
        class="MuiInputBase-root-175 MuiOutlinedInput-root-162 MuiInputBase-fullWidth-184 MuiInputBase-formControl-176"
      >
        <fieldset
          aria-hidden="true"
          class="MuiPrivateNotchedOutline-root-192 MuiOutlinedInput-notchedOutline-169"
          style="padding-left: 8px;"
        >
          <legend
            class="MuiPrivateNotchedOutline-legend-193"
            style="width: 0.01px;"
          >
            <span>
              â€‹
            </span>
          </legend>
        </fieldset>
        <input
          aria-describedby="password-helper-text"
          aria-invalid="false"
          class="MuiInputBase-input-185 MuiOutlinedInput-input-170"
          id="password"
          type="text"
          value=""
        />
      </div>
      <p
        class="MuiFormHelperText-root-194 MuiFormHelperText-contained-198"
        id="password-helper-text"
      >
        Please enter security answer set by the sender
      </p>
    </div>
  </div>
  <div
    class="MuiGrid-item-8 ReceivePasswordComponent-btnSection-3"
  >
    <div
      class="MuiGrid-container-7 MuiGrid-justify-xs-center-24"
    >
      <div
        class="MuiGrid-item-8"
      >
        <button
          class="MuiButtonBase-root-228 MuiButton-root-202 MuiButton-text-204 MuiButton-textPrimary-205 MuiButton-flat-207 MuiButton-flatPrimary-208 MuiButton-sizeLarge-226"
          id="cancel"
          tabindex="0"
          type="button"
        >
          <span
            class="MuiButton-label-203"
          >
            Cancel
          </span>
          <span
            class="MuiTouchRipple-root-231"
          />
        </button>
      </div>
      <div
        class="MuiGrid-item-8"
      >
        <button
          class="MuiButtonBase-root-228 MuiButton-root-202 MuiButton-contained-213 MuiButton-containedPrimary-214 MuiButton-raised-216 MuiButton-raisedPrimary-217 MuiButton-sizeLarge-226 MuiButton-fullWidth-227"
          id="continue"
          tabindex="0"
          type="button"
        >
          <span
            class="MuiButton-label-203"
          >
            Continue
          </span>
          <span
            class="MuiTouchRipple-root-231"
          />
        </button>
      </div>
    </div>
  </div>
</div>
`;
